Driving: /home/bromden/mambaforge/envs/seidart/bin/gfortran -v -I/home/bromden/mambaforge/envs/seidart/include -L/home/bromden/mambaforge/envs/seidart/lib -ljsonfortran -O3 -march=native -funroll-loops -ffast-math -ffp-contract=fast -fomit-frame-pointer -fPIC -Wall -o seidartfdtd-linux-x86_64 src/fortran/constants.f08 src/fortran/seidart_types.f08 src/fortran/seidartio.f08 src/fortran/averaging.f08 src/fortran/cpmlfdtd.f08 src/fortran/main.f08 -l gfortran -l m -shared-libgcc
Reading specs from /home/bromden/mambaforge/envs/seidart/bin/../lib/gcc/x86_64-conda-linux-gnu/14.2.0/specs
could not find specs file conda.specs
COLLECT_GCC=/home/bromden/mambaforge/envs/seidart/bin/gfortran
COLLECT_LTO_WRAPPER=/home/bromden/mambaforge/envs/seidart/bin/../libexec/gcc/x86_64-conda-linux-gnu/14.2.0/lto-wrapper
Target: x86_64-conda-linux-gnu
Configured with: ../configure --prefix=/home/conda/feedstock_root/build_artifacts/gcc_compilers_1729025086244/_h_env_placehold_placehold_placehold_placehold_placehold_placehold_placehold_placehold_placehold_placehold_placehold_placehold_placehold_placehold_placehold_placehold_placehold_placeho --with-slibdir=/home/conda/feedstock_root/build_artifacts/gcc_compilers_1729025086244/_h_env_placehold_placehold_placehold_placehold_placehold_placehold_placehold_placehold_placehold_placehold_placehold_placehold_placehold_placehold_placehold_placehold_placehold_placeho/lib --libdir=/home/conda/feedstock_root/build_artifacts/gcc_compilers_1729025086244/_h_env_placehold_placehold_placehold_placehold_placehold_placehold_placehold_placehold_placehold_placehold_placehold_placehold_placehold_placehold_placehold_placehold_placehold_placeho/lib --mandir=/home/conda/feedstock_root/build_artifacts/gcc_compilers_1729025086244/_h_env_placehold_placehold_placehold_placehold_placehold_placehold_placehold_placehold_placehold_placehold_placehold_placehold_placehold_placehold_placehold_placehold_placehold_placeho/man --build=x86_64-conda-linux-gnu --host=x86_64-conda-linux-gnu --target=x86_64-conda-linux-gnu --enable-languages=c,c++,fortran,objc,obj-c++ --enable-__cxa_atexit --disable-libmudflap --enable-libgomp --disable-libssp --enable-libquadmath --enable-libquadmath-support --enable-lto --enable-target-optspace --enable-plugin --enable-gold --disable-nls --disable-bootstrap --disable-multilib --enable-long-long --with-sysroot=/home/conda/feedstock_root/build_artifacts/gcc_compilers_1729025086244/_h_env_placehold_placehold_placehold_placehold_placehold_placehold_placehold_placehold_placehold_placehold_placehold_placehold_placehold_placehold_placehold_placehold_placehold_placeho/x86_64-conda-linux-gnu/sysroot --with-build-sysroot=/home/conda/feedstock_root/build_artifacts/gcc_compilers_1729025086244/work/cf-compilers/x86_64-conda-linux-gnu/sysroot --with-native-system-header-dir=/usr/include --with-gxx-include-dir=/home/conda/feedstock_root/build_artifacts/gcc_compilers_1729025086244/_h_env_placehold_placehold_placehold_placehold_placehold_placehold_placehold_placehold_placehold_placehold_placehold_placehold_placehold_placehold_placehold_placehold_placehold_placeho/lib/gcc/x86_64-conda-linux-gnu/14.2.0/include/c++ --with-pkgversion='conda-forge gcc 14.2.0-1' --with-bugurl=https://github.com/conda-forge/ctng-compilers-feedstock/issues/new/choose --enable-libsanitizer --enable-default-pie --enable-threads=posix
Thread model: posix
Supported LTO compression algorithms: zlib
gcc version 14.2.0 (conda-forge gcc 14.2.0-1) 
COLLECT_GCC_OPTIONS='-v' '-I' '/home/bromden/mambaforge/envs/seidart/include' '-L/home/bromden/mambaforge/envs/seidart/lib' '-O3' '-march=native' '-funroll-loops' '-ffast-math' '-ffp-contract=fast' '-fomit-frame-pointer' '-fPIC' '-Wall' '-o' 'seidartfdtd-linux-x86_64' '-shared-libgcc' '-dumpdir' 'seidartfdtd-linux-x86_64-'
 /home/bromden/mambaforge/envs/seidart/bin/../libexec/gcc/x86_64-conda-linux-gnu/14.2.0/f951 src/fortran/constants.f08 -I /home/bromden/mambaforge/envs/seidart/include -march=alderlake -mmmx -mpopcnt -msse -msse2 -msse3 -mssse3 -msse4.1 -msse4.2 -mavx -mavx2 -mno-sse4a -mno-fma4 -mno-xop -mfma -mno-avx512f -mbmi -mbmi2 -maes -mpclmul -mno-avx512vl -mno-avx512bw -mno-avx512dq -mno-avx512cd -mno-avx512vbmi -mno-avx512ifma -mno-avx512vpopcntdq -mno-avx512vbmi2 -mgfni -mvpclmulqdq -mno-avx512vnni -mno-avx512bitalg -mno-avx512bf16 -mno-avx512vp2intersect -mno-3dnow -madx -mabm -mno-cldemote -mclflushopt -mclwb -mno-clzero -mcx16 -mno-enqcmd -mf16c -mfsgsbase -mfxsr -mno-hle -msahf -mno-lwp -mlzcnt -mmovbe -mmovdir64b -mmovdiri -mno-mwaitx -mpconfig -mpku -mprfchw -mptwrite -mrdpid -mrdrnd -mrdseed -mno-rtm -mserialize -mno-sgx -msha -mshstk -mno-tbm -mno-tsxldtrk -mvaes -mwaitpkg -mno-wbnoinvd -mxsave -mxsavec -mxsaveopt -mxsaves -mno-amx-tile -mno-amx-int8 -mno-amx-bf16 -mno-uintr -mhreset -mno-kl -mno-widekl -mavxvnni -mno-avx512fp16 -mno-avxifma -mno-avxvnniint8 -mno-avxneconvert -mno-cmpccxadd -mno-amx-fp16 -mno-prefetchi -mno-raoint -mno-amx-complex -mno-avxvnniint16 -mno-sm3 -mno-sha512 -mno-sm4 -mno-apxf -mno-usermsr --param l1-cache-size=32 --param l1-cache-line-size=64 --param l2-cache-size=24576 -mtune=alderlake -quiet -dumpdir seidartfdtd-linux-x86_64- -dumpbase constants.f08 -dumpbase-ext .f08 -O3 -Wall -version -funroll-loops -ffast-math -ffp-contract=fast -fomit-frame-pointer -fPIC -fintrinsic-modules-path /home/bromden/mambaforge/envs/seidart/bin/../lib/gcc/x86_64-conda-linux-gnu/14.2.0/finclude -o /tmp/ccGDnCxp.s
GNU Fortran (conda-forge gcc 14.2.0-1) version 14.2.0 (x86_64-conda-linux-gnu)
	compiled by GNU C version 14.1.0, GMP version 6.2.1, MPFR version 4.1.0, MPC version 1.2.1, isl version isl-0.24-GMP

GGC heuristics: --param ggc-min-expand=100 --param ggc-min-heapsize=131072
COLLECT_GCC_OPTIONS='-v' '-I' '/home/bromden/mambaforge/envs/seidart/include' '-L/home/bromden/mambaforge/envs/seidart/lib' '-O3' '-march=native' '-funroll-loops' '-ffast-math' '-ffp-contract=fast' '-fomit-frame-pointer' '-fPIC' '-Wall' '-o' 'seidartfdtd-linux-x86_64' '-shared-libgcc' '-dumpdir' 'seidartfdtd-linux-x86_64-'
 /home/bromden/mambaforge/envs/seidart/bin/../lib/gcc/x86_64-conda-linux-gnu/14.2.0/../../../../x86_64-conda-linux-gnu/bin/as -v -I /home/bromden/mambaforge/envs/seidart/include --64 -o /tmp/ccEAuPeH.o /tmp/ccGDnCxp.s
GNU assembler version 2.40 (x86_64-conda-linux-gnu) using BFD version (GNU Binutils) 2.40
COLLECT_GCC_OPTIONS='-v' '-I' '/home/bromden/mambaforge/envs/seidart/include' '-L/home/bromden/mambaforge/envs/seidart/lib' '-O3' '-march=native' '-funroll-loops' '-ffast-math' '-ffp-contract=fast' '-fomit-frame-pointer' '-fPIC' '-Wall' '-o' 'seidartfdtd-linux-x86_64' '-shared-libgcc' '-dumpdir' 'seidartfdtd-linux-x86_64-'
 /home/bromden/mambaforge/envs/seidart/bin/../libexec/gcc/x86_64-conda-linux-gnu/14.2.0/f951 src/fortran/seidart_types.f08 -I /home/bromden/mambaforge/envs/seidart/include -march=alderlake -mmmx -mpopcnt -msse -msse2 -msse3 -mssse3 -msse4.1 -msse4.2 -mavx -mavx2 -mno-sse4a -mno-fma4 -mno-xop -mfma -mno-avx512f -mbmi -mbmi2 -maes -mpclmul -mno-avx512vl -mno-avx512bw -mno-avx512dq -mno-avx512cd -mno-avx512vbmi -mno-avx512ifma -mno-avx512vpopcntdq -mno-avx512vbmi2 -mgfni -mvpclmulqdq -mno-avx512vnni -mno-avx512bitalg -mno-avx512bf16 -mno-avx512vp2intersect -mno-3dnow -madx -mabm -mno-cldemote -mclflushopt -mclwb -mno-clzero -mcx16 -mno-enqcmd -mf16c -mfsgsbase -mfxsr -mno-hle -msahf -mno-lwp -mlzcnt -mmovbe -mmovdir64b -mmovdiri -mno-mwaitx -mpconfig -mpku -mprfchw -mptwrite -mrdpid -mrdrnd -mrdseed -mno-rtm -mserialize -mno-sgx -msha -mshstk -mno-tbm -mno-tsxldtrk -mvaes -mwaitpkg -mno-wbnoinvd -mxsave -mxsavec -mxsaveopt -mxsaves -mno-amx-tile -mno-amx-int8 -mno-amx-bf16 -mno-uintr -mhreset -mno-kl -mno-widekl -mavxvnni -mno-avx512fp16 -mno-avxifma -mno-avxvnniint8 -mno-avxneconvert -mno-cmpccxadd -mno-amx-fp16 -mno-prefetchi -mno-raoint -mno-amx-complex -mno-avxvnniint16 -mno-sm3 -mno-sha512 -mno-sm4 -mno-apxf -mno-usermsr --param l1-cache-size=32 --param l1-cache-line-size=64 --param l2-cache-size=24576 -mtune=alderlake -quiet -dumpdir seidartfdtd-linux-x86_64- -dumpbase seidart_types.f08 -dumpbase-ext .f08 -O3 -Wall -version -funroll-loops -ffast-math -ffp-contract=fast -fomit-frame-pointer -fPIC -fintrinsic-modules-path /home/bromden/mambaforge/envs/seidart/bin/../lib/gcc/x86_64-conda-linux-gnu/14.2.0/finclude -o /tmp/ccGDnCxp.s
GNU Fortran (conda-forge gcc 14.2.0-1) version 14.2.0 (x86_64-conda-linux-gnu)
	compiled by GNU C version 14.1.0, GMP version 6.2.1, MPFR version 4.1.0, MPC version 1.2.1, isl version isl-0.24-GMP

GGC heuristics: --param ggc-min-expand=100 --param ggc-min-heapsize=131072
COLLECT_GCC_OPTIONS='-v' '-I' '/home/bromden/mambaforge/envs/seidart/include' '-L/home/bromden/mambaforge/envs/seidart/lib' '-O3' '-march=native' '-funroll-loops' '-ffast-math' '-ffp-contract=fast' '-fomit-frame-pointer' '-fPIC' '-Wall' '-o' 'seidartfdtd-linux-x86_64' '-shared-libgcc' '-dumpdir' 'seidartfdtd-linux-x86_64-'
 /home/bromden/mambaforge/envs/seidart/bin/../lib/gcc/x86_64-conda-linux-gnu/14.2.0/../../../../x86_64-conda-linux-gnu/bin/as -v -I /home/bromden/mambaforge/envs/seidart/include --64 -o /tmp/cckac8a7.o /tmp/ccGDnCxp.s
GNU assembler version 2.40 (x86_64-conda-linux-gnu) using BFD version (GNU Binutils) 2.40
COLLECT_GCC_OPTIONS='-v' '-I' '/home/bromden/mambaforge/envs/seidart/include' '-L/home/bromden/mambaforge/envs/seidart/lib' '-O3' '-march=native' '-funroll-loops' '-ffast-math' '-ffp-contract=fast' '-fomit-frame-pointer' '-fPIC' '-Wall' '-o' 'seidartfdtd-linux-x86_64' '-shared-libgcc' '-dumpdir' 'seidartfdtd-linux-x86_64-'
 /home/bromden/mambaforge/envs/seidart/bin/../libexec/gcc/x86_64-conda-linux-gnu/14.2.0/f951 src/fortran/seidartio.f08 -I /home/bromden/mambaforge/envs/seidart/include -march=alderlake -mmmx -mpopcnt -msse -msse2 -msse3 -mssse3 -msse4.1 -msse4.2 -mavx -mavx2 -mno-sse4a -mno-fma4 -mno-xop -mfma -mno-avx512f -mbmi -mbmi2 -maes -mpclmul -mno-avx512vl -mno-avx512bw -mno-avx512dq -mno-avx512cd -mno-avx512vbmi -mno-avx512ifma -mno-avx512vpopcntdq -mno-avx512vbmi2 -mgfni -mvpclmulqdq -mno-avx512vnni -mno-avx512bitalg -mno-avx512bf16 -mno-avx512vp2intersect -mno-3dnow -madx -mabm -mno-cldemote -mclflushopt -mclwb -mno-clzero -mcx16 -mno-enqcmd -mf16c -mfsgsbase -mfxsr -mno-hle -msahf -mno-lwp -mlzcnt -mmovbe -mmovdir64b -mmovdiri -mno-mwaitx -mpconfig -mpku -mprfchw -mptwrite -mrdpid -mrdrnd -mrdseed -mno-rtm -mserialize -mno-sgx -msha -mshstk -mno-tbm -mno-tsxldtrk -mvaes -mwaitpkg -mno-wbnoinvd -mxsave -mxsavec -mxsaveopt -mxsaves -mno-amx-tile -mno-amx-int8 -mno-amx-bf16 -mno-uintr -mhreset -mno-kl -mno-widekl -mavxvnni -mno-avx512fp16 -mno-avxifma -mno-avxvnniint8 -mno-avxneconvert -mno-cmpccxadd -mno-amx-fp16 -mno-prefetchi -mno-raoint -mno-amx-complex -mno-avxvnniint16 -mno-sm3 -mno-sha512 -mno-sm4 -mno-apxf -mno-usermsr --param l1-cache-size=32 --param l1-cache-line-size=64 --param l2-cache-size=24576 -mtune=alderlake -quiet -dumpdir seidartfdtd-linux-x86_64- -dumpbase seidartio.f08 -dumpbase-ext .f08 -O3 -Wall -version -funroll-loops -ffast-math -ffp-contract=fast -fomit-frame-pointer -fPIC -fintrinsic-modules-path /home/bromden/mambaforge/envs/seidart/bin/../lib/gcc/x86_64-conda-linux-gnu/14.2.0/finclude -o /tmp/ccGDnCxp.s
GNU Fortran (conda-forge gcc 14.2.0-1) version 14.2.0 (x86_64-conda-linux-gnu)
	compiled by GNU C version 14.1.0, GMP version 6.2.1, MPFR version 4.1.0, MPC version 1.2.1, isl version isl-0.24-GMP

GGC heuristics: --param ggc-min-expand=100 --param ggc-min-heapsize=131072
COLLECT_GCC_OPTIONS='-v' '-I' '/home/bromden/mambaforge/envs/seidart/include' '-L/home/bromden/mambaforge/envs/seidart/lib' '-O3' '-march=native' '-funroll-loops' '-ffast-math' '-ffp-contract=fast' '-fomit-frame-pointer' '-fPIC' '-Wall' '-o' 'seidartfdtd-linux-x86_64' '-shared-libgcc' '-dumpdir' 'seidartfdtd-linux-x86_64-'
 /home/bromden/mambaforge/envs/seidart/bin/../lib/gcc/x86_64-conda-linux-gnu/14.2.0/../../../../x86_64-conda-linux-gnu/bin/as -v -I /home/bromden/mambaforge/envs/seidart/include --64 -o /tmp/ccsPgfDv.o /tmp/ccGDnCxp.s
GNU assembler version 2.40 (x86_64-conda-linux-gnu) using BFD version (GNU Binutils) 2.40
COLLECT_GCC_OPTIONS='-v' '-I' '/home/bromden/mambaforge/envs/seidart/include' '-L/home/bromden/mambaforge/envs/seidart/lib' '-O3' '-march=native' '-funroll-loops' '-ffast-math' '-ffp-contract=fast' '-fomit-frame-pointer' '-fPIC' '-Wall' '-o' 'seidartfdtd-linux-x86_64' '-shared-libgcc' '-dumpdir' 'seidartfdtd-linux-x86_64-'
 /home/bromden/mambaforge/envs/seidart/bin/../libexec/gcc/x86_64-conda-linux-gnu/14.2.0/f951 src/fortran/averaging.f08 -I /home/bromden/mambaforge/envs/seidart/include -march=alderlake -mmmx -mpopcnt -msse -msse2 -msse3 -mssse3 -msse4.1 -msse4.2 -mavx -mavx2 -mno-sse4a -mno-fma4 -mno-xop -mfma -mno-avx512f -mbmi -mbmi2 -maes -mpclmul -mno-avx512vl -mno-avx512bw -mno-avx512dq -mno-avx512cd -mno-avx512vbmi -mno-avx512ifma -mno-avx512vpopcntdq -mno-avx512vbmi2 -mgfni -mvpclmulqdq -mno-avx512vnni -mno-avx512bitalg -mno-avx512bf16 -mno-avx512vp2intersect -mno-3dnow -madx -mabm -mno-cldemote -mclflushopt -mclwb -mno-clzero -mcx16 -mno-enqcmd -mf16c -mfsgsbase -mfxsr -mno-hle -msahf -mno-lwp -mlzcnt -mmovbe -mmovdir64b -mmovdiri -mno-mwaitx -mpconfig -mpku -mprfchw -mptwrite -mrdpid -mrdrnd -mrdseed -mno-rtm -mserialize -mno-sgx -msha -mshstk -mno-tbm -mno-tsxldtrk -mvaes -mwaitpkg -mno-wbnoinvd -mxsave -mxsavec -mxsaveopt -mxsaves -mno-amx-tile -mno-amx-int8 -mno-amx-bf16 -mno-uintr -mhreset -mno-kl -mno-widekl -mavxvnni -mno-avx512fp16 -mno-avxifma -mno-avxvnniint8 -mno-avxneconvert -mno-cmpccxadd -mno-amx-fp16 -mno-prefetchi -mno-raoint -mno-amx-complex -mno-avxvnniint16 -mno-sm3 -mno-sha512 -mno-sm4 -mno-apxf -mno-usermsr --param l1-cache-size=32 --param l1-cache-line-size=64 --param l2-cache-size=24576 -mtune=alderlake -quiet -dumpdir seidartfdtd-linux-x86_64- -dumpbase averaging.f08 -dumpbase-ext .f08 -O3 -Wall -version -funroll-loops -ffast-math -ffp-contract=fast -fomit-frame-pointer -fPIC -fintrinsic-modules-path /home/bromden/mambaforge/envs/seidart/bin/../lib/gcc/x86_64-conda-linux-gnu/14.2.0/finclude -o /tmp/ccGDnCxp.s
GNU Fortran (conda-forge gcc 14.2.0-1) version 14.2.0 (x86_64-conda-linux-gnu)
	compiled by GNU C version 14.1.0, GMP version 6.2.1, MPFR version 4.1.0, MPC version 1.2.1, isl version isl-0.24-GMP

GGC heuristics: --param ggc-min-expand=100 --param ggc-min-heapsize=131072
COLLECT_GCC_OPTIONS='-v' '-I' '/home/bromden/mambaforge/envs/seidart/include' '-L/home/bromden/mambaforge/envs/seidart/lib' '-O3' '-march=native' '-funroll-loops' '-ffast-math' '-ffp-contract=fast' '-fomit-frame-pointer' '-fPIC' '-Wall' '-o' 'seidartfdtd-linux-x86_64' '-shared-libgcc' '-dumpdir' 'seidartfdtd-linux-x86_64-'
 /home/bromden/mambaforge/envs/seidart/bin/../lib/gcc/x86_64-conda-linux-gnu/14.2.0/../../../../x86_64-conda-linux-gnu/bin/as -v -I /home/bromden/mambaforge/envs/seidart/include --64 -o /tmp/ccDBfUeL.o /tmp/ccGDnCxp.s
GNU assembler version 2.40 (x86_64-conda-linux-gnu) using BFD version (GNU Binutils) 2.40
COLLECT_GCC_OPTIONS='-v' '-I' '/home/bromden/mambaforge/envs/seidart/include' '-L/home/bromden/mambaforge/envs/seidart/lib' '-O3' '-march=native' '-funroll-loops' '-ffast-math' '-ffp-contract=fast' '-fomit-frame-pointer' '-fPIC' '-Wall' '-o' 'seidartfdtd-linux-x86_64' '-shared-libgcc' '-dumpdir' 'seidartfdtd-linux-x86_64-'
 /home/bromden/mambaforge/envs/seidart/bin/../libexec/gcc/x86_64-conda-linux-gnu/14.2.0/f951 src/fortran/cpmlfdtd.f08 -I /home/bromden/mambaforge/envs/seidart/include -march=alderlake -mmmx -mpopcnt -msse -msse2 -msse3 -mssse3 -msse4.1 -msse4.2 -mavx -mavx2 -mno-sse4a -mno-fma4 -mno-xop -mfma -mno-avx512f -mbmi -mbmi2 -maes -mpclmul -mno-avx512vl -mno-avx512bw -mno-avx512dq -mno-avx512cd -mno-avx512vbmi -mno-avx512ifma -mno-avx512vpopcntdq -mno-avx512vbmi2 -mgfni -mvpclmulqdq -mno-avx512vnni -mno-avx512bitalg -mno-avx512bf16 -mno-avx512vp2intersect -mno-3dnow -madx -mabm -mno-cldemote -mclflushopt -mclwb -mno-clzero -mcx16 -mno-enqcmd -mf16c -mfsgsbase -mfxsr -mno-hle -msahf -mno-lwp -mlzcnt -mmovbe -mmovdir64b -mmovdiri -mno-mwaitx -mpconfig -mpku -mprfchw -mptwrite -mrdpid -mrdrnd -mrdseed -mno-rtm -mserialize -mno-sgx -msha -mshstk -mno-tbm -mno-tsxldtrk -mvaes -mwaitpkg -mno-wbnoinvd -mxsave -mxsavec -mxsaveopt -mxsaves -mno-amx-tile -mno-amx-int8 -mno-amx-bf16 -mno-uintr -mhreset -mno-kl -mno-widekl -mavxvnni -mno-avx512fp16 -mno-avxifma -mno-avxvnniint8 -mno-avxneconvert -mno-cmpccxadd -mno-amx-fp16 -mno-prefetchi -mno-raoint -mno-amx-complex -mno-avxvnniint16 -mno-sm3 -mno-sha512 -mno-sm4 -mno-apxf -mno-usermsr --param l1-cache-size=32 --param l1-cache-line-size=64 --param l2-cache-size=24576 -mtune=alderlake -quiet -dumpdir seidartfdtd-linux-x86_64- -dumpbase cpmlfdtd.f08 -dumpbase-ext .f08 -O3 -Wall -version -funroll-loops -ffast-math -ffp-contract=fast -fomit-frame-pointer -fPIC -fintrinsic-modules-path /home/bromden/mambaforge/envs/seidart/bin/../lib/gcc/x86_64-conda-linux-gnu/14.2.0/finclude -o /tmp/ccGDnCxp.s
GNU Fortran (conda-forge gcc 14.2.0-1) version 14.2.0 (x86_64-conda-linux-gnu)
	compiled by GNU C version 14.1.0, GMP version 6.2.1, MPFR version 4.1.0, MPC version 1.2.1, isl version isl-0.24-GMP

GGC heuristics: --param ggc-min-expand=100 --param ggc-min-heapsize=131072
COLLECT_GCC_OPTIONS='-v' '-I' '/home/bromden/mambaforge/envs/seidart/include' '-L/home/bromden/mambaforge/envs/seidart/lib' '-O3' '-march=native' '-funroll-loops' '-ffast-math' '-ffp-contract=fast' '-fomit-frame-pointer' '-fPIC' '-Wall' '-o' 'seidartfdtd-linux-x86_64' '-shared-libgcc' '-dumpdir' 'seidartfdtd-linux-x86_64-'
 /home/bromden/mambaforge/envs/seidart/bin/../lib/gcc/x86_64-conda-linux-gnu/14.2.0/../../../../x86_64-conda-linux-gnu/bin/as -v -I /home/bromden/mambaforge/envs/seidart/include --64 -o /tmp/ccZc5X02.o /tmp/ccGDnCxp.s
GNU assembler version 2.40 (x86_64-conda-linux-gnu) using BFD version (GNU Binutils) 2.40
COLLECT_GCC_OPTIONS='-v' '-I' '/home/bromden/mambaforge/envs/seidart/include' '-L/home/bromden/mambaforge/envs/seidart/lib' '-O3' '-march=native' '-funroll-loops' '-ffast-math' '-ffp-contract=fast' '-fomit-frame-pointer' '-fPIC' '-Wall' '-o' 'seidartfdtd-linux-x86_64' '-shared-libgcc' '-dumpdir' 'seidartfdtd-linux-x86_64-'
 /home/bromden/mambaforge/envs/seidart/bin/../libexec/gcc/x86_64-conda-linux-gnu/14.2.0/f951 src/fortran/main.f08 -I /home/bromden/mambaforge/envs/seidart/include -march=alderlake -mmmx -mpopcnt -msse -msse2 -msse3 -mssse3 -msse4.1 -msse4.2 -mavx -mavx2 -mno-sse4a -mno-fma4 -mno-xop -mfma -mno-avx512f -mbmi -mbmi2 -maes -mpclmul -mno-avx512vl -mno-avx512bw -mno-avx512dq -mno-avx512cd -mno-avx512vbmi -mno-avx512ifma -mno-avx512vpopcntdq -mno-avx512vbmi2 -mgfni -mvpclmulqdq -mno-avx512vnni -mno-avx512bitalg -mno-avx512bf16 -mno-avx512vp2intersect -mno-3dnow -madx -mabm -mno-cldemote -mclflushopt -mclwb -mno-clzero -mcx16 -mno-enqcmd -mf16c -mfsgsbase -mfxsr -mno-hle -msahf -mno-lwp -mlzcnt -mmovbe -mmovdir64b -mmovdiri -mno-mwaitx -mpconfig -mpku -mprfchw -mptwrite -mrdpid -mrdrnd -mrdseed -mno-rtm -mserialize -mno-sgx -msha -mshstk -mno-tbm -mno-tsxldtrk -mvaes -mwaitpkg -mno-wbnoinvd -mxsave -mxsavec -mxsaveopt -mxsaves -mno-amx-tile -mno-amx-int8 -mno-amx-bf16 -mno-uintr -mhreset -mno-kl -mno-widekl -mavxvnni -mno-avx512fp16 -mno-avxifma -mno-avxvnniint8 -mno-avxneconvert -mno-cmpccxadd -mno-amx-fp16 -mno-prefetchi -mno-raoint -mno-amx-complex -mno-avxvnniint16 -mno-sm3 -mno-sha512 -mno-sm4 -mno-apxf -mno-usermsr --param l1-cache-size=32 --param l1-cache-line-size=64 --param l2-cache-size=24576 -mtune=alderlake -quiet -dumpdir seidartfdtd-linux-x86_64- -dumpbase main.f08 -dumpbase-ext .f08 -O3 -Wall -version -funroll-loops -ffast-math -ffp-contract=fast -fomit-frame-pointer -fPIC -fintrinsic-modules-path /home/bromden/mambaforge/envs/seidart/bin/../lib/gcc/x86_64-conda-linux-gnu/14.2.0/finclude -o /tmp/ccGDnCxp.s
GNU Fortran (conda-forge gcc 14.2.0-1) version 14.2.0 (x86_64-conda-linux-gnu)
	compiled by GNU C version 14.1.0, GMP version 6.2.1, MPFR version 4.1.0, MPC version 1.2.1, isl version isl-0.24-GMP

GGC heuristics: --param ggc-min-expand=100 --param ggc-min-heapsize=131072
COLLECT_GCC_OPTIONS='-v' '-I' '/home/bromden/mambaforge/envs/seidart/include' '-L/home/bromden/mambaforge/envs/seidart/lib' '-O3' '-march=native' '-funroll-loops' '-ffast-math' '-ffp-contract=fast' '-fomit-frame-pointer' '-fPIC' '-Wall' '-o' 'seidartfdtd-linux-x86_64' '-shared-libgcc' '-dumpdir' 'seidartfdtd-linux-x86_64-'
 /home/bromden/mambaforge/envs/seidart/bin/../lib/gcc/x86_64-conda-linux-gnu/14.2.0/../../../../x86_64-conda-linux-gnu/bin/as -v -I /home/bromden/mambaforge/envs/seidart/include --64 -o /tmp/cciedH0s.o /tmp/ccGDnCxp.s
GNU assembler version 2.40 (x86_64-conda-linux-gnu) using BFD version (GNU Binutils) 2.40
Reading specs from /home/bromden/mambaforge/envs/seidart/bin/../lib/gcc/x86_64-conda-linux-gnu/14.2.0/../../../../x86_64-conda-linux-gnu/lib/../lib/libgfortran.spec
rename spec lib to liborig
COLLECT_GCC_OPTIONS='-v' '-I' '/home/bromden/mambaforge/envs/seidart/include' '-L/home/bromden/mambaforge/envs/seidart/lib' '-O3' '-march=native' '-funroll-loops' '-ffast-math' '-ffp-contract=fast' '-fomit-frame-pointer' '-fPIC' '-Wall' '-o' 'seidartfdtd-linux-x86_64' '-shared-libgcc' '-dumpdir' 'seidartfdtd-linux-x86_64-'
COMPILER_PATH=/home/bromden/mambaforge/envs/seidart/bin/../libexec/gcc/x86_64-conda-linux-gnu/14.2.0/:/home/bromden/mambaforge/envs/seidart/bin/../libexec/gcc/:/home/bromden/mambaforge/envs/seidart/bin/../lib/gcc/x86_64-conda-linux-gnu/14.2.0/../../../../x86_64-conda-linux-gnu/bin/
LIBRARY_PATH=/home/bromden/mambaforge/envs/seidart/bin/../lib/gcc/x86_64-conda-linux-gnu/14.2.0/:/home/bromden/mambaforge/envs/seidart/bin/../lib/gcc/:/home/bromden/mambaforge/envs/seidart/bin/../lib/gcc/x86_64-conda-linux-gnu/14.2.0/../../../../x86_64-conda-linux-gnu/lib/../lib/:/home/bromden/mambaforge/envs/seidart/bin/../lib/gcc/x86_64-conda-linux-gnu/14.2.0/../../../../lib/:/home/bromden/mambaforge/envs/seidart/bin/../x86_64-conda-linux-gnu/sysroot/lib/../lib/:/home/bromden/mambaforge/envs/seidart/bin/../x86_64-conda-linux-gnu/sysroot/usr/lib/../lib/:/home/bromden/mambaforge/envs/seidart/bin/../lib/gcc/x86_64-conda-linux-gnu/14.2.0/../../../../x86_64-conda-linux-gnu/lib/:/home/bromden/mambaforge/envs/seidart/bin/../lib/gcc/x86_64-conda-linux-gnu/14.2.0/../../../:/home/bromden/mambaforge/envs/seidart/bin/../x86_64-conda-linux-gnu/sysroot/lib/:/home/bromden/mambaforge/envs/seidart/bin/../x86_64-conda-linux-gnu/sysroot/usr/lib/
COLLECT_GCC_OPTIONS='-v' '-I' '/home/bromden/mambaforge/envs/seidart/include' '-L/home/bromden/mambaforge/envs/seidart/lib' '-O3' '-march=native' '-funroll-loops' '-ffast-math' '-ffp-contract=fast' '-fomit-frame-pointer' '-fPIC' '-Wall' '-o' 'seidartfdtd-linux-x86_64' '-shared-libgcc' '-dumpdir' 'seidartfdtd-linux-x86_64.'
 /home/bromden/mambaforge/envs/seidart/bin/../libexec/gcc/x86_64-conda-linux-gnu/14.2.0/collect2 -plugin /home/bromden/mambaforge/envs/seidart/bin/../libexec/gcc/x86_64-conda-linux-gnu/14.2.0/liblto_plugin.so -plugin-opt=/home/bromden/mambaforge/envs/seidart/bin/../libexec/gcc/x86_64-conda-linux-gnu/14.2.0/lto-wrapper -plugin-opt=-fresolution=/tmp/ccFCt6p5.res -plugin-opt=-pass-through=-lgcc_s -plugin-opt=-pass-through=-lgcc -plugin-opt=-pass-through=-lquadmath -plugin-opt=-pass-through=-lm -plugin-opt=-pass-through=-lc -plugin-opt=-pass-through=-lgcc_s -plugin-opt=-pass-through=-lgcc --sysroot=/home/bromden/mambaforge/envs/seidart/bin/../x86_64-conda-linux-gnu/sysroot --eh-frame-hdr -m elf_x86_64 -dynamic-linker /lib64/ld-linux-x86-64.so.2 -pie -o seidartfdtd-linux-x86_64 /home/bromden/mambaforge/envs/seidart/bin/../x86_64-conda-linux-gnu/sysroot/usr/lib/../lib/Scrt1.o /home/bromden/mambaforge/envs/seidart/bin/../x86_64-conda-linux-gnu/sysroot/usr/lib/../lib/crti.o /home/bromden/mambaforge/envs/seidart/bin/../lib/gcc/x86_64-conda-linux-gnu/14.2.0/crtbeginS.o -L/home/bromden/mambaforge/envs/seidart/lib -L/home/bromden/mambaforge/envs/seidart/bin/../lib/gcc/x86_64-conda-linux-gnu/14.2.0 -L/home/bromden/mambaforge/envs/seidart/bin/../lib/gcc -L/home/bromden/mambaforge/envs/seidart/bin/../lib/gcc/x86_64-conda-linux-gnu/14.2.0/../../../../x86_64-conda-linux-gnu/lib/../lib -L/home/bromden/mambaforge/envs/seidart/bin/../lib/gcc/x86_64-conda-linux-gnu/14.2.0/../../../../lib -L/home/bromden/mambaforge/envs/seidart/bin/../x86_64-conda-linux-gnu/sysroot/lib/../lib -L/home/bromden/mambaforge/envs/seidart/bin/../x86_64-conda-linux-gnu/sysroot/usr/lib/../lib -L/home/bromden/mambaforge/envs/seidart/bin/../lib/gcc/x86_64-conda-linux-gnu/14.2.0/../../../../x86_64-conda-linux-gnu/lib -L/home/bromden/mambaforge/envs/seidart/bin/../lib/gcc/x86_64-conda-linux-gnu/14.2.0/../../.. -L/home/bromden/mambaforge/envs/seidart/bin/../x86_64-conda-linux-gnu/sysroot/lib -L/home/bromden/mambaforge/envs/seidart/bin/../x86_64-conda-linux-gnu/sysroot/usr/lib -ljsonfortran /tmp/ccEAuPeH.o /tmp/cckac8a7.o /tmp/ccsPgfDv.o /tmp/ccDBfUeL.o /tmp/ccZc5X02.o /tmp/cciedH0s.o -lgfortran -lm -lgcc_s -lgcc -lquadmath -lm -lc -lgcc_s -lgcc /home/bromden/mambaforge/envs/seidart/bin/../lib/gcc/x86_64-conda-linux-gnu/14.2.0/crtfastmath.o /home/bromden/mambaforge/envs/seidart/bin/../lib/gcc/x86_64-conda-linux-gnu/14.2.0/crtendS.o /home/bromden/mambaforge/envs/seidart/bin/../x86_64-conda-linux-gnu/sysroot/usr/lib/../lib/crtn.o -rpath /home/bromden/mambaforge/envs/seidart/lib
COLLECT_GCC_OPTIONS='-v' '-I' '/home/bromden/mambaforge/envs/seidart/include' '-L/home/bromden/mambaforge/envs/seidart/lib' '-O3' '-march=native' '-funroll-loops' '-ffast-math' '-ffp-contract=fast' '-fomit-frame-pointer' '-fPIC' '-Wall' '-o' 'seidartfdtd-linux-x86_64' '-shared-libgcc' '-dumpdir' 'seidartfdtd-linux-x86_64.'
